2025-04-19T14:35:00.595Z [INFO]: Logged in with standard user credentials
2025-04-19T14:35:01.556Z [INFO]: Navigated to the inventory page
2025-04-19T14:35:58.417Z [INFO]: Logged in with standard user credentials
2025-04-19T14:35:58.421Z [INFO]: Navigated to the inventory page
2025-04-19T14:37:20.960Z [INFO]: Logged in with standard user credentials
2025-04-19T14:37:20.965Z [INFO]: Navigated to the inventory page
2025-04-19T14:38:59.445Z [INFO]: Logged in with standard user credentials
2025-04-19T14:38:59.450Z [INFO]: Navigated to the inventory page
2025-04-19T14:38:59.466Z [INFO]: Verified URL contains inventory.html
2025-04-19T14:38:59.620Z [INFO]: Hovered over the shopping cart link
2025-04-19T14:38:59.931Z [INFO]: Navigated to the inventory page
2025-04-19T14:38:59.976Z [INFO]: Shopping cart link is visible
2025-04-19T14:41:16.324Z [INFO]: Logged in with standard user credentials
2025-04-19T14:41:16.329Z [INFO]: Navigated to the inventory page
2025-04-19T14:41:16.344Z [INFO]: Verified URL contains inventory.html
2025-04-19T14:44:12.313Z [INFO]: Logged in with standard user credentials
2025-04-19T14:44:12.318Z [INFO]: Navigated to the inventory page
2025-04-19T14:44:12.331Z [INFO]: Verified URL contains inventory.html
2025-04-19T14:44:12.331Z [INFO]: Hovered over the shopping cart link
2025-04-19T14:44:12.604Z [INFO]: Navigated to the inventory page
2025-04-19T14:44:12.661Z [INFO]: Shopping cart link is visible
